2026-04-20T02:54:11+00:00 WARNING Product feed scheduling failed: Integration not configured. : {"flow_name":"product_feed","flow_step":"schedule_feed_generation"}
2026-04-20T02:54:11+00:00 WARNING Language override feed scheduling failed: Integration not configured. : {"flow_name":"language_override_feed","flow_step":"schedule_feed_generation"}
2026-04-20T02:54:11+00:00 ERROR Error persisting error logs: Cannot create the API instance because the access token is missing. : []
2026-04-20T03:09:25+00:00 NOTICE Unable to detect valid feed configuration: No catalog ID
2026-04-20T03:09:25+00:00 NOTICE There was an error trying to get product set data in a catalog: Cannot create the API instance because the access token is missing.
2026-04-20T03:09:25+00:00 ERROR ProductSetSync exception: exception_code : 0; exception_class : WooCommerce\Facebook\Framework\Api\Exception: exception_message : Cannot create the API instance because the access token is missing.; exception_trace : #0 /home/wp-fl-demo-bh43/htdocs/bh43.wp-fl-demo.xyz/wp-content/plugins/facebook-for-woocommerce/includes/ProductSets/ProductSetSync.php(139): WC_Facebookcommerce->get_api()
#1 /home/wp-fl-demo-bh43/htdocs/bh43.wp-fl-demo.xyz/wp-content/plugins/facebook-for-woocommerce/includes/ProductSets/ProductSetSync.php(226): WooCommerce\Facebook\ProductSets\ProductSetSync->get_fb_product_set_id()
#2 /home/wp-fl-demo-bh43/htdocs/bh43.wp-fl-demo.xyz/wp-content/plugins/facebook-for-woocommerce/includes/ProductSets/ProductSetSync.php(107): WooCommerce\Facebook\ProductSets\ProductSetSync->sync_all_wc_product_categories()
#3 /home/wp-fl-demo-bh43/htdocs/bh43.wp-fl-demo.xyz/wp-includes/class-wp-hook.php(341): WooCommerce\Facebook\ProductSets\ProductSetSync->sync_all_product_sets()
#4 /home/wp-fl-demo-bh43/htdocs/bh43.wp-fl-demo.xyz/wp-includes/class-wp-hook.php(365): WP_Hook->apply_filters()
#5 /home/wp-fl-demo-bh43/htdocs/bh43.wp-fl-demo.xyz/wp-includes/plugin.php(570): WP_Hook->do_action()
#6 /home/wp-fl-demo-bh43/htdocs/bh43.wp-fl-demo.xyz/wp-content/plugins/woocommerce/packages/action-scheduler/classes/actions/ActionScheduler_Action.php(86): do_action_ref_array()
#7 /home/wp-fl-demo-bh43/htdocs/bh43.wp-fl-demo.xyz/wp-content/plugins/woocommerce/packages/action-scheduler/classes/abstracts/ActionScheduler_Abstract_QueueRunner.php(103): ActionScheduler_Action->execute()
#8 /home/wp-fl-demo-bh43/htdocs/bh43.wp-fl-demo.xyz/wp-content/plugins/woocommerce/packages/action-scheduler/classes/ActionScheduler_QueueRunner.php(188): ActionScheduler_Abstract_QueueRunner->process_action()
#9 /home/wp-fl-demo-bh43/htdocs/bh43.wp-fl-demo.xyz/wp-content/plugins/woocommerce/packages/action-scheduler/classes/ActionScheduler_QueueRunner.php(158): ActionScheduler_QueueRunner->do_batch()
#10 /home/wp-fl-demo-bh43/htdocs/bh43.wp-fl-demo.xyz/wp-includes/class-wp-hook.php(341): ActionScheduler_QueueRunner->run()
#11 /home/wp-fl-demo-bh43/htdocs/bh43.wp-fl-demo.xyz/wp-includes/class-wp-hook.php(365): WP_Hook->apply_filters()
#12 /home/wp-fl-demo-bh43/htdocs/bh43.wp-fl-demo.xyz/wp-includes/plugin.php(522): WP_Hook->do_action()
#13 /home/wp-fl-demo-bh43/htdocs/bh43.wp-fl-demo.xyz/wp-content/plugins/woocommerce/packages/action-scheduler/classes/ActionScheduler_AsyncRequest_QueueRunner.php(48): do_action()
#14 /home/wp-fl-demo-bh43/htdocs/bh43.wp-fl-demo.xyz/wp-content/plugins/woocommerce/includes/libraries/wp-async-request.php(147): ActionScheduler_AsyncRequest_QueueRunner->handle()
#15 /home/wp-fl-demo-bh43/htdocs/bh43.wp-fl-demo.xyz/wp-includes/class-wp-hook.php(341): WP_Async_Request->maybe_handle()
#16 /home/wp-fl-demo-bh43/htdocs/bh43.wp-fl-demo.xyz/wp-includes/class-wp-hook.php(365): WP_Hook->apply_filters()
#17 /home/wp-fl-demo-bh43/htdocs/bh43.wp-fl-demo.xyz/wp-includes/plugin.php(522): WP_Hook->do_action()
#18 /home/wp-fl-demo-bh43/htdocs/bh43.wp-fl-demo.xyz/wp-admin/admin-ajax.php(207): do_action()
#19 {main}
2026-04-20T03:09:25+00:00 NOTICE There was an error trying to get product set data in a catalog: Cannot create the API instance because the access token is missing.
2026-04-20T03:09:25+00:00 ERROR ProductSetSync exception: exception_code : 0; exception_class : WooCommerce\Facebook\Framework\Api\Exception: exception_message : Cannot create the API instance because the access token is missing.; exception_trace : #0 /home/wp-fl-demo-bh43/htdocs/bh43.wp-fl-demo.xyz/wp-content/plugins/facebook-for-woocommerce/includes/ProductSets/ProductSetSync.php(139): WC_Facebookcommerce->get_api()
#1 /home/wp-fl-demo-bh43/htdocs/bh43.wp-fl-demo.xyz/wp-content/plugins/facebook-for-woocommerce/includes/ProductSets/ProductSetSync.php(226): WooCommerce\Facebook\ProductSets\ProductSetSync->get_fb_product_set_id()
#2 /home/wp-fl-demo-bh43/htdocs/bh43.wp-fl-demo.xyz/wp-content/plugins/facebook-for-woocommerce/includes/ProductSets/ProductSetSync.php(107): WooCommerce\Facebook\ProductSets\ProductSetSync->sync_all_wc_product_categories()
#3 /home/wp-fl-demo-bh43/htdocs/bh43.wp-fl-demo.xyz/wp-includes/class-wp-hook.php(341): WooCommerce\Facebook\ProductSets\ProductSetSync->sync_all_product_sets()
#4 /home/wp-fl-demo-bh43/htdocs/bh43.wp-fl-demo.xyz/wp-includes/class-wp-hook.php(365): WP_Hook->apply_filters()
#5 /home/wp-fl-demo-bh43/htdocs/bh43.wp-fl-demo.xyz/wp-includes/plugin.php(570): WP_Hook->do_action()
#6 /home/wp-fl-demo-bh43/htdocs/bh43.wp-fl-demo.xyz/wp-content/plugins/woocommerce/packages/action-scheduler/classes/actions/ActionScheduler_Action.php(86): do_action_ref_array()
#7 /home/wp-fl-demo-bh43/htdocs/bh43.wp-fl-demo.xyz/wp-content/plugins/woocommerce/packages/action-scheduler/classes/abstracts/ActionScheduler_Abstract_QueueRunner.php(103): ActionScheduler_Action->execute()
#8 /home/wp-fl-demo-bh43/htdocs/bh43.wp-fl-demo.xyz/wp-content/plugins/woocommerce/packages/action-scheduler/classes/ActionScheduler_QueueRunner.php(188): ActionScheduler_Abstract_QueueRunner->process_action()
#9 /home/wp-fl-demo-bh43/htdocs/bh43.wp-fl-demo.xyz/wp-content/plugins/woocommerce/packages/action-scheduler/classes/ActionScheduler_QueueRunner.php(158): ActionScheduler_QueueRunner->do_batch()
#10 /home/wp-fl-demo-bh43/htdocs/bh43.wp-fl-demo.xyz/wp-includes/class-wp-hook.php(341): ActionScheduler_QueueRunner->run()
#11 /home/wp-fl-demo-bh43/htdocs/bh43.wp-fl-demo.xyz/wp-includes/class-wp-hook.php(365): WP_Hook->apply_filters()
#12 /home/wp-fl-demo-bh43/htdocs/bh43.wp-fl-demo.xyz/wp-includes/plugin.php(522): WP_Hook->do_action()
#13 /home/wp-fl-demo-bh43/htdocs/bh43.wp-fl-demo.xyz/wp-content/plugins/woocommerce/packages/action-scheduler/classes/ActionScheduler_AsyncRequest_QueueRunner.php(48): do_action()
#14 /home/wp-fl-demo-bh43/htdocs/bh43.wp-fl-demo.xyz/wp-content/plugins/woocommerce/includes/libraries/wp-async-request.php(147): ActionScheduler_AsyncRequest_QueueRunner->handle()
#15 /home/wp-fl-demo-bh43/htdocs/bh43.wp-fl-demo.xyz/wp-includes/class-wp-hook.php(341): WP_Async_Request->maybe_handle()
#16 /home/wp-fl-demo-bh43/htdocs/bh43.wp-fl-demo.xyz/wp-includes/class-wp-hook.php(365): WP_Hook->apply_filters()
#17 /home/wp-fl-demo-bh43/htdocs/bh43.wp-fl-demo.xyz/wp-includes/plugin.php(522): WP_Hook->do_action()
#18 /home/wp-fl-demo-bh43/htdocs/bh43.wp-fl-demo.xyz/wp-admin/admin-ajax.php(207): do_action()
#19 {main}
2026-04-20T03:09:25+00:00 NOTICE There was an error trying to get product set data in a catalog: Cannot create the API instance because the access token is missing.
2026-04-20T03:09:25+00:00 ERROR ProductSetSync exception: exception_code : 0; exception_class : WooCommerce\Facebook\Framework\Api\Exception: exception_message : Cannot create the API instance because the access token is missing.; exception_trace : #0 /home/wp-fl-demo-bh43/htdocs/bh43.wp-fl-demo.xyz/wp-content/plugins/facebook-for-woocommerce/includes/ProductSets/ProductSetSync.php(139): WC_Facebookcommerce->get_api()
#1 /home/wp-fl-demo-bh43/htdocs/bh43.wp-fl-demo.xyz/wp-content/plugins/facebook-for-woocommerce/includes/ProductSets/ProductSetSync.php(226): WooCommerce\Facebook\ProductSets\ProductSetSync->get_fb_product_set_id()
#2 /home/wp-fl-demo-bh43/htdocs/bh43.wp-fl-demo.xyz/wp-content/plugins/facebook-for-woocommerce/includes/ProductSets/ProductSetSync.php(107): WooCommerce\Facebook\ProductSets\ProductSetSync->sync_all_wc_product_categories()
#3 /home/wp-fl-demo-bh43/htdocs/bh43.wp-fl-demo.xyz/wp-includes/class-wp-hook.php(341): WooCommerce\Facebook\ProductSets\ProductSetSync->sync_all_product_sets()
#4 /home/wp-fl-demo-bh43/htdocs/bh43.wp-fl-demo.xyz/wp-includes/class-wp-hook.php(365): WP_Hook->apply_filters()
#5 /home/wp-fl-demo-bh43/htdocs/bh43.wp-fl-demo.xyz/wp-includes/plugin.php(570): WP_Hook->do_action()
#6 /home/wp-fl-demo-bh43/htdocs/bh43.wp-fl-demo.xyz/wp-content/plugins/woocommerce/packages/action-scheduler/classes/actions/ActionScheduler_Action.php(86): do_action_ref_array()
#7 /home/wp-fl-demo-bh43/htdocs/bh43.wp-fl-demo.xyz/wp-content/plugins/woocommerce/packages/action-scheduler/classes/abstracts/ActionScheduler_Abstract_QueueRunner.php(103): ActionScheduler_Action->execute()
#8 /home/wp-fl-demo-bh43/htdocs/bh43.wp-fl-demo.xyz/wp-content/plugins/woocommerce/packages/action-scheduler/classes/ActionScheduler_QueueRunner.php(188): ActionScheduler_Abstract_QueueRunner->process_action()
#9 /home/wp-fl-demo-bh43/htdocs/bh43.wp-fl-demo.xyz/wp-content/plugins/woocommerce/packages/action-scheduler/classes/ActionScheduler_QueueRunner.php(158): ActionScheduler_QueueRunner->do_batch()
#10 /home/wp-fl-demo-bh43/htdocs/bh43.wp-fl-demo.xyz/wp-includes/class-wp-hook.php(341): ActionScheduler_QueueRunner->run()
#11 /home/wp-fl-demo-bh43/htdocs/bh43.wp-fl-demo.xyz/wp-includes/class-wp-hook.php(365): WP_Hook->apply_filters()
#12 /home/wp-fl-demo-bh43/htdocs/bh43.wp-fl-demo.xyz/wp-includes/plugin.php(522): WP_Hook->do_action()
#13 /home/wp-fl-demo-bh43/htdocs/bh43.wp-fl-demo.xyz/wp-content/plugins/woocommerce/packages/action-scheduler/classes/ActionScheduler_AsyncRequest_QueueRunner.php(48): do_action()
#14 /home/wp-fl-demo-bh43/htdocs/bh43.wp-fl-demo.xyz/wp-content/plugins/woocommerce/includes/libraries/wp-async-request.php(147): ActionScheduler_AsyncRequest_QueueRunner->handle()
#15 /home/wp-fl-demo-bh43/htdocs/bh43.wp-fl-demo.xyz/wp-includes/class-wp-hook.php(341): WP_Async_Request->maybe_handle()
#16 /home/wp-fl-demo-bh43/htdocs/bh43.wp-fl-demo.xyz/wp-includes/class-wp-hook.php(365): WP_Hook->apply_filters()
#17 /home/wp-fl-demo-bh43/htdocs/bh43.wp-fl-demo.xyz/wp-includes/plugin.php(522): WP_Hook->do_action()
#18 /home/wp-fl-demo-bh43/htdocs/bh43.wp-fl-demo.xyz/wp-admin/admin-ajax.php(207): do_action()
#19 {main}
2026-04-20T03:09:25+00:00 NOTICE There was an error trying to get product set data in a catalog: Cannot create the API instance because the access token is missing.
2026-04-20T03:09:25+00:00 ERROR ProductSetSync exception: exception_code : 0; exception_class : WooCommerce\Facebook\Framework\Api\Exception: exception_message : Cannot create the API instance because the access token is missing.; exception_trace : #0 /home/wp-fl-demo-bh43/htdocs/bh43.wp-fl-demo.xyz/wp-content/plugins/facebook-for-woocommerce/includes/ProductSets/ProductSetSync.php(139): WC_Facebookcommerce->get_api()
#1 /home/wp-fl-demo-bh43/htdocs/bh43.wp-fl-demo.xyz/wp-content/plugins/facebook-for-woocommerce/includes/ProductSets/ProductSetSync.php(226): WooCommerce\Facebook\ProductSets\ProductSetSync->get_fb_product_set_id()
#2 /home/wp-fl-demo-bh43/htdocs/bh43.wp-fl-demo.xyz/wp-content/plugins/facebook-for-woocommerce/includes/ProductSets/ProductSetSync.php(107): WooCommerce\Facebook\ProductSets\ProductSetSync->sync_all_wc_product_categories()
#3 /home/wp-fl-demo-bh43/htdocs/bh43.wp-fl-demo.xyz/wp-includes/class-wp-hook.php(341): WooCommerce\Facebook\ProductSets\ProductSetSync->sync_all_product_sets()
#4 /home/wp-fl-demo-bh43/htdocs/bh43.wp-fl-demo.xyz/wp-includes/class-wp-hook.php(365): WP_Hook->apply_filters()
#5 /home/wp-fl-demo-bh43/htdocs/bh43.wp-fl-demo.xyz/wp-includes/plugin.php(570): WP_Hook->do_action()
#6 /home/wp-fl-demo-bh43/htdocs/bh43.wp-fl-demo.xyz/wp-content/plugins/woocommerce/packages/action-scheduler/classes/actions/ActionScheduler_Action.php(86): do_action_ref_array()
#7 /home/wp-fl-demo-bh43/htdocs/bh43.wp-fl-demo.xyz/wp-content/plugins/woocommerce/packages/action-scheduler/classes/abstracts/ActionScheduler_Abstract_QueueRunner.php(103): ActionScheduler_Action->execute()
#8 /home/wp-fl-demo-bh43/htdocs/bh43.wp-fl-demo.xyz/wp-content/plugins/woocommerce/packages/action-scheduler/classes/ActionScheduler_QueueRunner.php(188): ActionScheduler_Abstract_QueueRunner->process_action()
#9 /home/wp-fl-demo-bh43/htdocs/bh43.wp-fl-demo.xyz/wp-content/plugins/woocommerce/packages/action-scheduler/classes/ActionScheduler_QueueRunner.php(158): ActionScheduler_QueueRunner->do_batch()
#10 /home/wp-fl-demo-bh43/htdocs/bh43.wp-fl-demo.xyz/wp-includes/class-wp-hook.php(341): ActionScheduler_QueueRunner->run()
#11 /home/wp-fl-demo-bh43/htdocs/bh43.wp-fl-demo.xyz/wp-includes/class-wp-hook.php(365): WP_Hook->apply_filters()
#12 /home/wp-fl-demo-bh43/htdocs/bh43.wp-fl-demo.xyz/wp-includes/plugin.php(522): WP_Hook->do_action()
#13 /home/wp-fl-demo-bh43/htdocs/bh43.wp-fl-demo.xyz/wp-content/plugins/woocommerce/packages/action-scheduler/classes/ActionScheduler_AsyncRequest_QueueRunner.php(48): do_action()
#14 /home/wp-fl-demo-bh43/htdocs/bh43.wp-fl-demo.xyz/wp-content/plugins/woocommerce/includes/libraries/wp-async-request.php(147): ActionScheduler_AsyncRequest_QueueRunner->handle()
#15 /home/wp-fl-demo-bh43/htdocs/bh43.wp-fl-demo.xyz/wp-includes/class-wp-hook.php(341): WP_Async_Request->maybe_handle()
#16 /home/wp-fl-demo-bh43/htdocs/bh43.wp-fl-demo.xyz/wp-includes/class-wp-hook.php(365): WP_Hook->apply_filters()
#17 /home/wp-fl-demo-bh43/htdocs/bh43.wp-fl-demo.xyz/wp-includes/plugin.php(522): WP_Hook->do_action()
#18 /home/wp-fl-demo-bh43/htdocs/bh43.wp-fl-demo.xyz/wp-admin/admin-ajax.php(207): do_action()
#19 {main}
2026-04-20T03:09:25+00:00 NOTICE There was an error trying to get product set data in a catalog: Cannot create the API instance because the access token is missing.
2026-04-20T03:09:25+00:00 ERROR ProductSetSync exception: exception_code : 0; exception_class : WooCommerce\Facebook\Framework\Api\Exception: exception_message : Cannot create the API instance because the access token is missing.; exception_trace : #0 /home/wp-fl-demo-bh43/htdocs/bh43.wp-fl-demo.xyz/wp-content/plugins/facebook-for-woocommerce/includes/ProductSets/ProductSetSync.php(139): WC_Facebookcommerce->get_api()
#1 /home/wp-fl-demo-bh43/htdocs/bh43.wp-fl-demo.xyz/wp-content/plugins/facebook-for-woocommerce/includes/ProductSets/ProductSetSync.php(226): WooCommerce\Facebook\ProductSets\ProductSetSync->get_fb_product_set_id()
#2 /home/wp-fl-demo-bh43/htdocs/bh43.wp-fl-demo.xyz/wp-content/plugins/facebook-for-woocommerce/includes/ProductSets/ProductSetSync.php(107): WooCommerce\Facebook\ProductSets\ProductSetSync->sync_all_wc_product_categories()
#3 /home/wp-fl-demo-bh43/htdocs/bh43.wp-fl-demo.xyz/wp-includes/class-wp-hook.php(341): WooCommerce\Facebook\ProductSets\ProductSetSync->sync_all_product_sets()
#4 /home/wp-fl-demo-bh43/htdocs/bh43.wp-fl-demo.xyz/wp-includes/class-wp-hook.php(365): WP_Hook->apply_filters()
#5 /home/wp-fl-demo-bh43/htdocs/bh43.wp-fl-demo.xyz/wp-includes/plugin.php(570): WP_Hook->do_action()
#6 /home/wp-fl-demo-bh43/htdocs/bh43.wp-fl-demo.xyz/wp-content/plugins/woocommerce/packages/action-scheduler/classes/actions/ActionScheduler_Action.php(86): do_action_ref_array()
#7 /home/wp-fl-demo-bh43/htdocs/bh43.wp-fl-demo.xyz/wp-content/plugins/woocommerce/packages/action-scheduler/classes/abstracts/ActionScheduler_Abstract_QueueRunner.php(103): ActionScheduler_Action->execute()
#8 /home/wp-fl-demo-bh43/htdocs/bh43.wp-fl-demo.xyz/wp-content/plugins/woocommerce/packages/action-scheduler/classes/ActionScheduler_QueueRunner.php(188): ActionScheduler_Abstract_QueueRunner->process_action()
#9 /home/wp-fl-demo-bh43/htdocs/bh43.wp-fl-demo.xyz/wp-content/plugins/woocommerce/packages/action-scheduler/classes/ActionScheduler_QueueRunner.php(158): ActionScheduler_QueueRunner->do_batch()
#10 /home/wp-fl-demo-bh43/htdocs/bh43.wp-fl-demo.xyz/wp-includes/class-wp-hook.php(341): ActionScheduler_QueueRunner->run()
#11 /home/wp-fl-demo-bh43/htdocs/bh43.wp-fl-demo.xyz/wp-includes/class-wp-hook.php(365): WP_Hook->apply_filters()
#12 /home/wp-fl-demo-bh43/htdocs/bh43.wp-fl-demo.xyz/wp-includes/plugin.php(522): WP_Hook->do_action()
#13 /home/wp-fl-demo-bh43/htdocs/bh43.wp-fl-demo.xyz/wp-content/plugins/woocommerce/packages/action-scheduler/classes/ActionScheduler_AsyncRequest_QueueRunner.php(48): do_action()
#14 /home/wp-fl-demo-bh43/htdocs/bh43.wp-fl-demo.xyz/wp-content/plugins/woocommerce/includes/libraries/wp-async-request.php(147): ActionScheduler_AsyncRequest_QueueRunner->handle()
#15 /home/wp-fl-demo-bh43/htdocs/bh43.wp-fl-demo.xyz/wp-includes/class-wp-hook.php(341): WP_Async_Request->maybe_handle()
#16 /home/wp-fl-demo-bh43/htdocs/bh43.wp-fl-demo.xyz/wp-includes/class-wp-hook.php(365): WP_Hook->apply_filters()
#17 /home/wp-fl-demo-bh43/htdocs/bh43.wp-fl-demo.xyz/wp-includes/plugin.php(522): WP_Hook->do_action()
#18 /home/wp-fl-demo-bh43/htdocs/bh43.wp-fl-demo.xyz/wp-admin/admin-ajax.php(207): do_action()
#19 {main}
2026-04-20T03:09:25+00:00 NOTICE There was an error trying to get product set data in a catalog: Cannot create the API instance because the access token is missing.
2026-04-20T03:09:25+00:00 ERROR ProductSetSync exception: exception_code : 0; exception_class : WooCommerce\Facebook\Framework\Api\Exception: exception_message : Cannot create the API instance because the access token is missing.; exception_trace : #0 /home/wp-fl-demo-bh43/htdocs/bh43.wp-fl-demo.xyz/wp-content/plugins/facebook-for-woocommerce/includes/ProductSets/ProductSetSync.php(139): WC_Facebookcommerce->get_api()
#1 /home/wp-fl-demo-bh43/htdocs/bh43.wp-fl-demo.xyz/wp-content/plugins/facebook-for-woocommerce/includes/ProductSets/ProductSetSync.php(226): WooCommerce\Facebook\ProductSets\ProductSetSync->get_fb_product_set_id()
#2 /home/wp-fl-demo-bh43/htdocs/bh43.wp-fl-demo.xyz/wp-content/plugins/facebook-for-woocommerce/includes/ProductSets/ProductSetSync.php(107): WooCommerce\Facebook\ProductSets\ProductSetSync->sync_all_wc_product_categories()
#3 /home/wp-fl-demo-bh43/htdocs/bh43.wp-fl-demo.xyz/wp-includes/class-wp-hook.php(341): WooCommerce\Facebook\ProductSets\ProductSetSync->sync_all_product_sets()
#4 /home/wp-fl-demo-bh43/htdocs/bh43.wp-fl-demo.xyz/wp-includes/class-wp-hook.php(365): WP_Hook->apply_filters()
#5 /home/wp-fl-demo-bh43/htdocs/bh43.wp-fl-demo.xyz/wp-includes/plugin.php(570): WP_Hook->do_action()
#6 /home/wp-fl-demo-bh43/htdocs/bh43.wp-fl-demo.xyz/wp-content/plugins/woocommerce/packages/action-scheduler/classes/actions/ActionScheduler_Action.php(86): do_action_ref_array()
#7 /home/wp-fl-demo-bh43/htdocs/bh43.wp-fl-demo.xyz/wp-content/plugins/woocommerce/packages/action-scheduler/classes/abstracts/ActionScheduler_Abstract_QueueRunner.php(103): ActionScheduler_Action->execute()
#8 /home/wp-fl-demo-bh43/htdocs/bh43.wp-fl-demo.xyz/wp-content/plugins/woocommerce/packages/action-scheduler/classes/ActionScheduler_QueueRunner.php(188): ActionScheduler_Abstract_QueueRunner->process_action()
#9 /home/wp-fl-demo-bh43/htdocs/bh43.wp-fl-demo.xyz/wp-content/plugins/woocommerce/packages/action-scheduler/classes/ActionScheduler_QueueRunner.php(158): ActionScheduler_QueueRunner->do_batch()
#10 /home/wp-fl-demo-bh43/htdocs/bh43.wp-fl-demo.xyz/wp-includes/class-wp-hook.php(341): ActionScheduler_QueueRunner->run()
#11 /home/wp-fl-demo-bh43/htdocs/bh43.wp-fl-demo.xyz/wp-includes/class-wp-hook.php(365): WP_Hook->apply_filters()
#12 /home/wp-fl-demo-bh43/htdocs/bh43.wp-fl-demo.xyz/wp-includes/plugin.php(522): WP_Hook->do_action()
#13 /home/wp-fl-demo-bh43/htdocs/bh43.wp-fl-demo.xyz/wp-content/plugins/woocommerce/packages/action-scheduler/classes/ActionScheduler_AsyncRequest_QueueRunner.php(48): do_action()
#14 /home/wp-fl-demo-bh43/htdocs/bh43.wp-fl-demo.xyz/wp-content/plugins/woocommerce/includes/libraries/wp-async-request.php(147): ActionScheduler_AsyncRequest_QueueRunner->handle()
#15 /home/wp-fl-demo-bh43/htdocs/bh43.wp-fl-demo.xyz/wp-includes/class-wp-hook.php(341): WP_Async_Request->maybe_handle()
#16 /home/wp-fl-demo-bh43/htdocs/bh43.wp-fl-demo.xyz/wp-includes/class-wp-hook.php(365): WP_Hook->apply_filters()
#17 /home/wp-fl-demo-bh43/htdocs/bh43.wp-fl-demo.xyz/wp-includes/plugin.php(522): WP_Hook->do_action()
#18 /home/wp-fl-demo-bh43/htdocs/bh43.wp-fl-demo.xyz/wp-admin/admin-ajax.php(207): do_action()
#19 {main}
